[n0-observe] multi-line prompt sent at 2026-09-01T12:17:04.677Z
[n0-observe] t=3s working (working=false canSend=true len=622)
[n0-observe] t=5s working (working=false canSend=false len=1647)
[n0-observe] t=7s inactive (working=false canSend=false len=1647)
[n0-observe] t=9s working (working=false canSend=false len=1603)
[n0-observe] t=11s inactive (working=false canSend=false len=1603)
[n0-observe] t=16s working (working=false canSend=false len=1604)
[n0-observe] t=18s working (working=true canSend=false len=1781)
[n0-observe] t=21s working (working=true canSend=false len=1780)
[n0-observe] t=23s working (working=true canSend=false len=1780)
[n0-observe] t=25s working (working=true canSend=false len=1780)
[n0-observe] t=27s working (working=true canSend=false len=2712)
[n0-observe] t=29s working (working=true canSend=false len=1897)
[n0-observe] t=31s working (working=false canSend=true len=1978)
[n0-observe] t=33s idle(1/2) (working=false canSend=true len=1978)
[n0-observe] t=35s awaiting-evidence (working=false canSend=true len=1978)
[n0-observe] t=37s idle(1/2) (working=false canSend=true len=1978)
[n0-observe] t=39s awaiting-evidence (working=false canSend=true len=1978)
[n0-observe] t=41s idle(1/2) (working=false canSend=true len=1978)
[n0-observe] t=43s awaiting-evidence (working=false canSend=true len=1978)
[n0-observe] t=45s working (working=false canSend=true len=1827)
[n0-observe] t=47s idle(1/2) (working=false canSend=true len=1827)
[n0-observe] t=49s awaiting-evidence (working=false canSend=true len=1827)
[n0-observe] t=51s idle(1/2) (working=false canSend=true len=1827)
[n0-observe] t=53s awaiting-evidence (working=false canSend=true len=1827)
[n0-observe] t=56s idle(1/2) (working=false canSend=true len=1827)
[n0-observe] t=58s awaiting-evidence (working=false canSend=true len=1827)
[n0-observe] t=60s idle(1/2) (working=false canSend=true len=1827)
[n0-observe] t=62s awaiting-evidence (working=false canSend=true len=1827)
[n0-observe] t=64s idle(1/2) (working=false canSend=true len=1827)
[n0-observe] t=66s awaiting-evidence (working=false canSend=true len=1827)
[n0-observe] t=68s idle(1/2) (working=false canSend=true len=1827)
[n0-observe] t=70s awaiting-evidence (working=false canSend=true len=1827)
[n0-observe] t=72s idle(1/2) (working=false canSend=true len=1827)
[n0-observe] t=74s awaiting-evidence (working=false canSend=true len=1827)
[n0-observe] t=76s idle(1/2) (working=false canSend=true len=1827)
[n0-observe] t=78s awaiting-evidence (working=false canSend=true len=1827)
[n0-observe] t=80s idle(1/2) (working=false canSend=true len=1827)
[n0-observe] t=82s awaiting-evidence (working=false canSend=true len=1827)
[n0-observe] t=84s idle(1/2) (working=false canSend=true len=1827)
[n0-observe] t=86s awaiting-evidence (working=false canSend=true len=1827)
[n0-observe] t=88s idle(1/2) (working=false canSend=true len=1827)
[n0-observe] t=90s awaiting-evidence (working=false canSend=true len=1827)
[n0-observe] t=92s idle(1/2) (working=false canSend=true len=1827)
[n0-observe] t=94s awaiting-evidence (working=false canSend=true len=1827)
[n0-observe] t=96s idle(1/2) (working=false canSend=true len=1827)
[n0-observe] t=98s awaiting-evidence (working=false canSend=true len=1827)
[n0-observe] t=100s idle(1/2) (working=false canSend=true len=1827)
[n0-observe] t=102s awaiting-evidence (working=false canSend=true len=1827)
[n0-observe] t=104s idle(1/2) (working=false canSend=true len=1827)
[n0-observe] t=106s awaiting-evidence (working=false canSend=true len=1827)
[n0-observe] t=108s idle(1/2) (working=false canSend=true len=1827)
[n0-observe] t=110s awaiting-evidence (working=false canSend=true len=1827)
[n0-observe] t=112s idle(1/2) (working=false canSend=true len=1827)
[n0-observe] t=114s awaiting-evidence (working=false canSend=true len=1827)
[n0-observe] t=116s idle(1/2) (working=false canSend=true len=1827)
[n0-observe] t=118s working (working=false canSend=false len=1865)
[n0-observe] t=120s working (working=false canSend=true len=1967)
[n0-observe] t=122s working (working=false canSend=true len=2118)
[n0-observe] t=124s idle(1/2) (working=false canSend=true len=2118)
[n0-observe] t=126s completed (working=false canSend=true len=2118)
[n0-observe] COMPLETED at t=126s. Marker in reply region: true.
[n0-observe] reply tail: BUREAU-JUNIOR-COMPLETE | While your own terminal commands or test runs are still executing you are NOT done — wait for them, then continue; never print that line before all work and verification are complete.
